2026-09-11 10:07:39,575 测距、旋转和底盘通道已连接
2026-09-11 10:07:39,576 底盘状态：connected_waiting，等待底盘空闲状态与协议能力证据
2026-09-11 10:07:39,576 底盘状态：connected_waiting，底盘串口已打开，机械状态尚未确认
2026-09-11 10:07:39,906 底盘状态：idle，底盘返回 IDLE
2026-09-11 10:07:39,907 底盘返回 IDLE
2026-09-11 10:07:40,670 开始自动导航
2026-09-11 10:07:40,673 双端校时：测距 0/8，旋转 0/8
2026-09-11 10:07:40,714 旋转端(COM9)忽略无关或重复状态回应：OK OFF（累计 1 条）
2026-09-11 10:07:40,925 底盘  IDLE_PREFLIGHT=1
2026-09-11 10:07:43,886 双端校时：测距 1/8，旋转 0/8
2026-09-11 10:07:43,886 双端校时：测距 1/8，旋转 1/8
2026-09-11 10:07:44,012 双端校时：测距 2/8，旋转 1/8
2026-09-11 10:07:44,013 双端校时：测距 2/8，旋转 2/8
2026-09-11 10:07:45,114 双端校时：测距 3/8，旋转 2/8
2026-09-11 10:07:45,115 双端校时：测距 3/8，旋转 3/8
2026-09-11 10:07:46,213 双端校时：测距 3/8，旋转 4/8
2026-09-11 10:07:46,214 双端校时：测距 4/8，旋转 4/8
2026-09-11 10:07:46,297 双端校时：测距 4/8，旋转 5/8
2026-09-11 10:07:46,297 双端校时：测距 5/8，旋转 5/8
2026-09-11 10:07:47,392 双端校时：测距 6/8，旋转 5/8
2026-09-11 10:07:47,394 双端校时：测距 6/8，旋转 6/8
2026-09-11 10:07:47,474 双端校时：测距 7/8，旋转 6/8
2026-09-11 10:07:47,501 双端校时：测距 7/8，旋转 7/8
2026-09-11 10:07:47,548 双端校时：测距 8/8，旋转 7/8
2026-09-11 10:07:47,581 双端校时：测距 8/8，旋转 8/8
2026-09-11 10:07:47,582 校时完成：测距 ±22.06 ms，旋转 ±22.66 ms；等待测距端启动确认
2026-09-11 10:07:47,642 测距端已启动，等待旋转端启动确认
2026-09-11 10:07:47,705 两端已启动，等待稳定完整扫描
2026-09-11 10:07:47,706 等待光电零位
TRIG 收/有效/锚点 —/—/— ｜ 距有效TRIG — ｜ 周期 —
本圈 0 点 ｜ 完整/丢弃/预热 0/0/0 ｜ 时间异常 测距0 零位0 ｜ 旋转忽略 1
2026-09-11 10:07:47,736 测距端(COM8)忽略无关或重复状态回应：PONG（累计 3 条）
2026-09-11 10:07:47,759 等待光电零位
TRIG 收/有效/锚点 —/—/— ｜ 距有效TRIG — ｜ 周期 —
本圈 0 点 ｜ 完整/丢弃/预热 0/0/0 ｜ 时间异常 测距0 零位0 ｜ 旋转忽略 2
2026-09-11 10:07:48,576 等待光电零位
TRIG 收/有效/锚点 1/1/— ｜ 距有效TRIG 0.0s ｜ 周期 —
本圈 0 点 ｜ 完整/丢弃/预热 0/0/0 ｜ 时间异常 测距0 零位0 ｜ 旋转忽略 2
2026-09-11 10:07:48,859 扫描中，等待下一真实零位确认
TRIG 收/有效/锚点 1/1/1 ｜ 距有效TRIG 0.3s ｜ 周期 —
本圈 2 点 ｜ 完整/丢弃/预热 0/0/0 ｜ 时间异常 测距0 零位0 ｜ 旋转忽略 2
2026-09-11 10:07:49,567 扫描中，等待下一真实零位确认
TRIG 收/有效/锚点 1/1/1 ｜ 距有效TRIG 1.0s ｜ 周期 —
本圈 58 点 ｜ 完整/丢弃/预热 0/0/0 ｜ 时间异常 测距0 零位0 ｜ 旋转忽略 2
2026-09-11 10:07:50,086 扫描中，等待下一真实零位确认
TRIG 收/有效/锚点 2/2/1 ｜ 距有效TRIG 0.0s ｜ 周期 —
本圈 97 点 ｜ 完整/丢弃/预热 0/0/0 ｜ 时间异常 测距0 零位0 ｜ 旋转忽略 2
2026-09-11 10:07:50,353 扫描中，等待下一真实零位确认
TRIG 收/有效/锚点 2/2/2 ｜ 距有效TRIG 0.3s ｜ 周期 1.508s
本圈 1 点 ｜ 完整/丢弃/预热 0/0/1 ｜ 时间异常 测距0 零位0 ｜ 旋转忽略 2
2026-09-11 10:07:51,070 扫描中，等待下一真实零位确认
TRIG 收/有效/锚点 2/2/2 ｜ 距有效TRIG 1.0s ｜ 周期 1.508s
本圈 56 点 ｜ 完整/丢弃/预热 0/0/1 ｜ 时间异常 测距0 零位0 ｜ 旋转忽略 2
2026-09-11 10:07:51,583 扫描中，等待下一真实零位确认
TRIG 收/有效/锚点 3/3/2 ｜ 距有效TRIG 0.0s ｜ 周期 1.508s
本圈 93 点 ｜ 完整/丢弃/预热 0/0/1 ｜ 时间异常 测距0 零位0 ｜ 旋转忽略 2
2026-09-11 10:07:52,138 扫描中，等待下一真实零位确认
TRIG 收/有效/锚点 3/3/3 ｜ 距有效TRIG 0.3s ｜ 周期 1.511s
本圈 1 点 ｜ 完整/丢弃/预热 1/0/1 ｜ 时间异常 测距0 零位0 ｜ 旋转忽略 2
最近闭合圈：标定有效 93，保留 90；圈边界不确定 3，角度误差过大 0，无效 0（以上为剔除点数）
2026-09-11 10:07:52,588 扫描中，等待下一真实零位确认
TRIG 收/有效/锚点 3/3/3 ｜ 距有效TRIG 1.0s ｜ 周期 1.511s
本圈 60 点 ｜ 完整/丢弃/预热 1/0/1 ｜ 时间异常 测距0 零位0 ｜ 旋转忽略 2
最近闭合圈：标定有效 93，保留 90；圈边界不确定 3，角度误差过大 0，无效 0（以上为剔除点数）
2026-09-11 10:07:52,737 测距端(COM8)忽略无关或重复状态回应：PONG（累计 4 条）
2026-09-11 10:07:52,753 扫描中，等待下一真实零位确认
TRIG 收/有效/锚点 3/3/3 ｜ 距有效TRIG 1.2s ｜ 周期 1.511s
本圈 77 点 ｜ 完整/丢弃/预热 1/0/1 ｜ 时间异常 测距0 零位0 ｜ 旋转忽略 3
最近闭合圈：标定有效 93，保留 90；圈边界不确定 3，角度误差过大 0，无效 0（以上为剔除点数）
2026-09-11 10:07:53,112 扫描中，等待下一真实零位确认
TRIG 收/有效/锚点 4/4/3 ｜ 距有效TRIG 0.0s ｜ 周期 1.511s
本圈 99 点 ｜ 完整/丢弃/预热 1/0/1 ｜ 时间异常 测距0 零位0 ｜ 旋转忽略 3
最近闭合圈：标定有效 93，保留 90；圈边界不确定 3，角度误差过大 0，无效 0（以上为剔除点数）
2026-09-11 10:07:53,421 短直线结构有效扫描
TRIG 收/有效/锚点 4/4/4 ｜ 距有效TRIG 0.3s ｜ 周期 1.504s
本圈 0 点 ｜ 完整/丢弃/预热 2/0/1 ｜ 时间异常 测距0 零位0 ｜ 旋转忽略 3
最近闭合圈：标定有效 100，保留 95；圈边界不确定 2，角度误差过大 3，无效 0（以上为剔除点数）
2026-09-11 10:07:53,758 扫描中，等待下一真实零位确认
TRIG 收/有效/锚点 4/4/4 ｜ 距有效TRIG 0.4s ｜ 周期 1.504s
本圈 1 点 ｜ 完整/丢弃/预热 2/0/1 ｜ 时间异常 测距0 零位0 ｜ 旋转忽略 3
最近闭合圈：标定有效 100，保留 95；圈边界不确定 2，角度误差过大 3，无效 0（以上为剔除点数）
2026-09-11 10:07:54,094 扫描中，等待下一真实零位确认
TRIG 收/有效/锚点 4/4/4 ｜ 距有效TRIG 1.0s ｜ 周期 1.504s
本圈 59 点 ｜ 完整/丢弃/预热 2/0/1 ｜ 时间异常 测距0 零位0 ｜ 旋转忽略 3
最近闭合圈：标定有效 100，保留 95；圈边界不确定 2，角度误差过大 3，无效 0（以上为剔除点数）
2026-09-11 10:07:54,620 扫描中，等待下一真实零位确认
TRIG 收/有效/锚点 5/5/4 ｜ 距有效TRIG 0.0s ｜ 周期 1.504s
本圈 97 点 ｜ 完整/丢弃/预热 2/0/1 ｜ 时间异常 测距0 零位0 ｜ 旋转忽略 3
最近闭合圈：标定有效 100，保留 95；圈边界不确定 2，角度误差过大 3，无效 0（以上为剔除点数）
2026-09-11 10:07:55,440 短直线结构有效扫描
TRIG 收/有效/锚点 5/5/5 ｜ 距有效TRIG 0.3s ｜ 周期 1.509s
本圈 0 点 ｜ 完整/丢弃/预热 3/0/1 ｜ 时间异常 测距0 零位0 ｜ 旋转忽略 3
最近闭合圈：标定有效 98，保留 93；圈边界不确定 0，角度误差过大 5，无效 0（以上为剔除点数）
2026-09-11 10:07:55,467 扫描中，等待下一真实零位确认
TRIG 收/有效/锚点 5/5/5 ｜ 距有效TRIG 0.9s ｜ 周期 1.509s
本圈 48 点 ｜ 完整/丢弃/预热 3/0/1 ｜ 时间异常 测距0 零位0 ｜ 旋转忽略 3
最近闭合圈：标定有效 98，保留 93；圈边界不确定 0，角度误差过大 5，无效 0（以上为剔除点数）
2026-09-11 10:07:55,639 扫描中，等待下一真实零位确认
TRIG 收/有效/锚点 5/5/5 ｜ 距有效TRIG 1.0s ｜ 周期 1.509s
本圈 65 点 ｜ 完整/丢弃/预热 3/0/1 ｜ 时间异常 测距0 零位0 ｜ 旋转忽略 3
最近闭合圈：标定有效 98，保留 93；圈边界不确定 0，角度误差过大 5，无效 0（以上为剔除点数）
2026-09-11 10:07:56,111 扫描中，等待下一真实零位确认
TRIG 收/有效/锚点 6/6/5 ｜ 距有效TRIG 0.0s ｜ 周期 1.509s
本圈 99 点 ｜ 完整/丢弃/预热 3/0/1 ｜ 时间异常 测距0 零位0 ｜ 旋转忽略 3
最近闭合圈：标定有效 98，保留 93；圈边界不确定 0，角度误差过大 5，无效 0（以上为剔除点数）
2026-09-11 10:07:56,448 扫描中，等待下一真实零位确认
TRIG 收/有效/锚点 6/6/6 ｜ 距有效TRIG 0.3s ｜ 周期 1.500s
本圈 1 点 ｜ 完整/丢弃/预热 4/0/1 ｜ 时间异常 测距0 零位0 ｜ 旋转忽略 3
最近闭合圈：标定有效 102，保留 90；圈边界不确定 3，角度误差过大 9，无效 0（以上为剔除点数）
2026-09-11 10:07:57,385 底盘  IDLE_PREFLIGHT=0
2026-09-11 10:07:57,385 底盘状态：waiting_post_pong_silence，沿用空闲 PING，等待发送条件
2026-09-11 10:07:57,386 底盘状态：pending_send，MOVE 已入发送队列，尚未开始写入
2026-09-11 10:07:57,386 底盘状态：waiting_ack，MOVE 开始写入，等待 ACK 或完整 DONE
2026-09-11 10:07:57,387 MOVE 开始写入：W 1291 CNT，动作 1
2026-09-11 10:07:57,388 MOVE 已完整写出：动作 1
2026-09-11 10:07:57,388 等待停车后完整零位圈
TRIG 收/有效/锚点 6/6/6 ｜ 距有效TRIG 1.2s ｜ 周期 1.500s
本圈 0 点 ｜ 完整/丢弃/预热 4/0/1 ｜ 时间异常 测距0 零位0 ｜ 旋转忽略 3
2026-09-11 10:07:57,618 底盘状态：waiting_done，底盘已接受动作，等待 DONE
2026-09-11 10:07:57,618 底盘已接受 W 1291 CNT
2026-09-11 10:07:57,702 等待停车后完整零位圈
TRIG 收/有效/锚点 7/7/6 ｜ 距有效TRIG 0.0s ｜ 周期 1.500s
本圈 0 点 ｜ 完整/丢弃/预热 4/0/1 ｜ 时间异常 测距0 零位0 ｜ 旋转忽略 3
2026-09-11 10:07:57,728 测距端(COM8)忽略无关或重复状态回应：PONG（累计 5 条）
2026-09-11 10:07:57,862 等待停车后完整零位圈
TRIG 收/有效/锚点 7/7/6 ｜ 距有效TRIG 0.2s ｜ 周期 1.500s
本圈 0 点 ｜ 完整/丢弃/预热 4/0/1 ｜ 时间异常 测距0 零位0 ｜ 旋转忽略 4
2026-09-11 10:07:57,897 等待停车后完整零位圈
TRIG 收/有效/锚点 7/7/7 ｜ 距有效TRIG 0.3s ｜ 周期 1.512s
本圈 0 点 ｜ 完整/丢弃/预热 4/0/2 ｜ 时间异常 测距0 零位0 ｜ 旋转忽略 4
2026-09-11 10:07:58,614 等待停车后完整零位圈
TRIG 收/有效/锚点 7/7/7 ｜ 距有效TRIG 1.0s ｜ 周期 1.512s
本圈 0 点 ｜ 完整/丢弃/预热 4/0/2 ｜ 时间异常 测距0 零位0 ｜ 旋转忽略 4
2026-09-11 10:07:59,046 底盘  W,0,1291,CNT,1202.50,1354.00,1336,1379,1352,1349,F7CA
2026-09-11 10:07:59,116 等待停车后完整零位圈
TRIG 收/有效/锚点 8/8/7 ｜ 距有效TRIG 0.0s ｜ 周期 1.512s
本圈 0 点 ｜ 完整/丢弃/预热 4/0/2 ｜ 时间异常 测距0 零位0 ｜ 旋转忽略 4
2026-09-11 10:07:59,389 等待停车后完整零位圈
TRIG 收/有效/锚点 8/8/8 ｜ 距有效TRIG 0.3s ｜ 周期 1.499s
本圈 0 点 ｜ 完整/丢弃/预热 4/0/3 ｜ 时间异常 测距0 零位0 ｜ 旋转忽略 4
2026-09-11 10:07:59,809 底盘状态：settling，已收到完整 DONE，等待机械停稳
2026-09-11 10:07:59,809 底盘 DONE W TARGET REQ=1291 UNIT=CNT ENC=1354
2026-09-11 10:08:00,027 底盘状态：waiting_scan，等待停稳后的新完整扫描
2026-09-11 10:08:00,121 等待停车后完整零位圈
TRIG 收/有效/锚点 8/8/8 ｜ 距有效TRIG 1.0s ｜ 周期 1.499s
本圈 0 点 ｜ 完整/丢弃/预热 4/0/3 ｜ 时间异常 测距0 零位0 ｜ 旋转忽略 4
2026-09-11 10:08:00,633 等待停车后完整零位圈
TRIG 收/有效/锚点 9/9/8 ｜ 距有效TRIG 0.0s ｜ 周期 1.499s
本圈 0 点 ｜ 完整/丢弃/预热 4/0/3 ｜ 时间异常 测距0 零位0 ｜ 旋转忽略 4
2026-09-11 10:08:00,801 测距端(COM8)忽略格式错误：6IX e94e58be0aa8 1298 2539137308 2539142285 890（累计 6 条）
2026-09-11 10:08:00,895 等待停车后完整零位圈
TRIG 收/有效/锚点 9/9/9 ｜ 距有效TRIG 0.3s ｜ 周期 1.507s
本圈 0 点 ｜ 完整/丢弃/预热 4/0/4 ｜ 时间异常 测距0 零位0 ｜ 旋转忽略 4
2026-09-11 10:08:00,926 扫描中，等待下一真实零位确认
TRIG 收/有效/锚点 9/9/9 ｜ 距有效TRIG 0.3s ｜ 周期 1.507s
本圈 2 点 ｜ 完整/丢弃/预热 4/0/4 ｜ 时间异常 测距0 零位0 ｜ 旋转忽略 4
2026-09-11 10:08:01,625 扫描中，等待下一真实零位确认
TRIG 收/有效/锚点 9/9/9 ｜ 距有效TRIG 1.0s ｜ 周期 1.507s
本圈 61 点 ｜ 完整/丢弃/预热 4/0/4 ｜ 时间异常 测距0 零位0 ｜ 旋转忽略 4
2026-09-11 10:08:02,135 扫描中，等待下一真实零位确认
TRIG 收/有效/锚点 10/10/9 ｜ 距有效TRIG 0.0s ｜ 周期 1.507s
本圈 96 点 ｜ 完整/丢弃/预热 4/0/4 ｜ 时间异常 测距0 零位0 ｜ 旋转忽略 4
2026-09-11 10:08:02,451 扫描中，等待下一真实零位确认
TRIG 收/有效/锚点 10/10/10 ｜ 距有效TRIG 0.3s ｜ 周期 1.508s
本圈 1 点 ｜ 完整/丢弃/预热 5/0/4 ｜ 时间异常 测距0 零位0 ｜ 旋转忽略 4
最近闭合圈：标定有效 104，保留 83；圈边界不确定 4，角度误差过大 17，无效 0（以上为剔除点数）
2026-09-11 10:08:02,826 测距端(COM8)忽略无关或重复状态回应：PONG（累计 7 条）
2026-09-11 10:08:02,842 扫描中，等待下一真实零位确认
TRIG 收/有效/锚点 10/10/10 ｜ 距有效TRIG 0.7s ｜ 周期 1.508s
本圈 41 点 ｜ 完整/丢弃/预热 5/0/4 ｜ 时间异常 测距0 零位0 ｜ 旋转忽略 5
最近闭合圈：标定有效 104，保留 83；圈边界不确定 4，角度误差过大 17，无效 0（以上为剔除点数）
2026-09-11 10:08:03,125 扫描中，等待下一真实零位确认
TRIG 收/有效/锚点 10/10/10 ｜ 距有效TRIG 1.0s ｜ 周期 1.508s
本圈 66 点 ｜ 完整/丢弃/预热 5/0/4 ｜ 时间异常 测距0 零位0 ｜ 旋转忽略 5
最近闭合圈：标定有效 104，保留 83；圈边界不确定 4，角度误差过大 17，无效 0（以上为剔除点数）
2026-09-11 10:08:03,619 扫描中，等待下一真实零位确认
TRIG 收/有效/锚点 11/11/10 ｜ 距有效TRIG 0.0s ｜ 周期 1.508s
本圈 101 点 ｜ 完整/丢弃/预热 5/0/4 ｜ 时间异常 测距0 零位0 ｜ 旋转忽略 5
最近闭合圈：标定有效 104，保留 83；圈边界不确定 4，角度误差过大 17，无效 0（以上为剔除点数）
2026-09-11 10:08:03,965 扫描中，等待下一真实零位确认
TRIG 收/有效/锚点 11/11/11 ｜ 距有效TRIG 0.3s ｜ 周期 1.502s
本圈 2 点 ｜ 完整/丢弃/预热 6/0/4 ｜ 时间异常 测距0 零位0 ｜ 旋转忽略 5
最近闭合圈：标定有效 110，保留 84；圈边界不确定 5，角度误差过大 21，无效 0（以上为剔除点数）
2026-09-11 10:08:05,088 底盘状态：waiting_pong，等待 PONG 26BD892B
2026-09-11 10:08:05,178 底盘状态：idle，新完整扫描已通过定位与地图更新
2026-09-11 10:08:05,178 底盘状态：waiting_silence，动作已登记，等待底盘 RX 静默
2026-09-11 10:08:05,178 等待停车后完整零位圈
TRIG 收/有效/锚点 11/11/11 ｜ 距有效TRIG 1.4s ｜ 周期 1.502s
本圈 0 点 ｜ 完整/丢弃/预热 6/0/4 ｜ 时间异常 测距0 零位0 ｜ 旋转忽略 5
2026-09-11 10:08:05,206 等待停车后完整零位圈
TRIG 收/有效/锚点 12/12/11 ｜ 距有效TRIG 0.0s ｜ 周期 1.502s
本圈 0 点 ｜ 完整/丢弃/预热 6/0/4 ｜ 时间异常 测距0 零位0 ｜ 旋转忽略 5
2026-09-11 10:08:05,501 底盘状态：waiting_post_pong_silence，PING 已匹配，等待发送前静默
2026-09-11 10:08:05,501 等待停车后完整零位圈
TRIG 收/有效/锚点 12/12/12 ｜ 距有效TRIG 0.3s ｜ 周期 1.512s
本圈 0 点 ｜ 完整/丢弃/预热 6/0/5 ｜ 时间异常 测距0 零位0 ｜ 旋转忽略 5
2026-09-11 10:08:05,726 底盘状态：pending_send，MOVE 已入发送队列，尚未开始写入
2026-09-11 10:08:05,751 底盘状态：waiting_ack，MOVE 开始写入，等待 ACK 或完整 DONE
2026-09-11 10:08:05,751 MOVE 开始写入：W 1435 CNT，动作 2
2026-09-11 10:08:05,754 MOVE 已完整写出：动作 2
2026-09-11 10:08:06,082 底盘状态：waiting_done，底盘已接受动作，等待 DONE
2026-09-11 10:08:06,082 底盘已接受 W 1435 CNT
2026-09-11 10:08:06,169 等待停车后完整零位圈
TRIG 收/有效/锚点 12/12/12 ｜ 距有效TRIG 1.0s ｜ 周期 1.512s
本圈 0 点 ｜ 完整/丢弃/预热 6/0/5 ｜ 时间异常 测距0 零位0 ｜ 旋转忽略 5
2026-09-11 10:08:06,467 测距端(COM8)忽略格式错误：5IX e94e58be0aa8 1864 2544797406 2544802394 808（累计 8 条）
2026-09-11 10:08:06,650 等待停车后完整零位圈
TRIG 收/有效/锚点 13/13/12 ｜ 距有效TRIG 0.0s ｜ 周期 1.512s
本圈 0 点 ｜ 完整/丢弃/预热 6/0/5 ｜ 时间异常 测距0 零位0 ｜ 旋转忽略 5
2026-09-11 10:08:06,844 底盘状态：stopping，停止请求已登记，等待底盘状态确认
2026-09-11 10:08:07,009 等待停车后完整零位圈
TRIG 收/有效/锚点 13/13/13 ｜ 距有效TRIG 0.4s ｜ 周期 1.510s
本圈 0 点 ｜ 完整/丢弃/预热 6/0/6 ｜ 时间异常 测距0 零位0 ｜ 旋转忽略 5
2026-09-11 10:08:07,092 底盘  停止清理行返回预期 BAD_CMD
2026-09-11 10:08:07,490 底盘  SULT,26BD892B,W,1,1435,CNT,1078.50,1231.75,1217,1255,1218,1237,073A
2026-09-11 10:08:07,599 底盘状态：idle，底盘返回 IDLE，停止状态已确认
2026-09-11 10:08:07,602 底盘状态回复 IDLE
2026-09-11 10:08:07,645 等待停车后完整零位圈
TRIG 收/有效/锚点 13/13/13 ｜ 距有效TRIG 1.0s ｜ 周期 1.510s
本圈 0 点 ｜ 完整/丢弃/预热 6/0/6 ｜ 时间异常 测距0 零位0 ｜ 旋转忽略 5
2026-09-11 10:08:07,746 测距端(COM8)忽略无关或重复状态回应：PONG（累计 9 条）
2026-09-11 10:08:07,799 等待停车后完整零位圈
TRIG 收/有效/锚点 13/13/13 ｜ 距有效TRIG 1.1s ｜ 周期 1.510s
本圈 0 点 ｜ 完整/丢弃/预热 6/0/6 ｜ 时间异常 测距0 零位0 ｜ 旋转忽略 6
2026-09-11 10:08:08,174 等待停车后完整零位圈
TRIG 收/有效/锚点 14/14/13 ｜ 距有效TRIG 0.0s ｜ 周期 1.510s
本圈 0 点 ｜ 完整/丢弃/预热 6/0/6 ｜ 时间异常 测距0 零位0 ｜ 旋转忽略 6
2026-09-11 10:08:08,438 等待停车后完整零位圈
TRIG 收/有效/锚点 14/14/14 ｜ 距有效TRIG 0.3s ｜ 周期 1.507s
本圈 0 点 ｜ 完整/丢弃/预热 6/0/7 ｜ 时间异常 测距0 零位0 ｜ 旋转忽略 6
2026-09-11 10:08:08,640 底盘  IDLE_PREFLIGHT=1
2026-09-11 10:08:09,170 等待停车后完整零位圈
TRIG 收/有效/锚点 14/14/14 ｜ 距有效TRIG 1.0s ｜ 周期 1.507s
本圈 0 点 ｜ 完整/丢弃/预热 6/0/7 ｜ 时间异常 测距0 零位0 ｜ 旋转忽略 6
2026-09-11 10:08:09,668 等待停车后完整零位圈
TRIG 收/有效/锚点 15/15/14 ｜ 距有效TRIG 0.0s ｜ 周期 1.507s
本圈 0 点 ｜ 完整/丢弃/预热 6/0/7 ｜ 时间异常 测距0 零位0 ｜ 旋转忽略 6
2026-09-11 10:08:09,962 等待停车后完整零位圈
TRIG 收/有效/锚点 15/15/15 ｜ 距有效TRIG 0.3s ｜ 周期 1.507s
本圈 0 点 ｜ 完整/丢弃/预热 6/0/8 ｜ 时间异常 测距0 零位0 ｜ 旋转忽略 6
2026-09-11 10:08:10,673 等待停车后完整零位圈
TRIG 收/有效/锚点 15/15/15 ｜ 距有效TRIG 1.0s ｜ 周期 1.507s
本圈 0 点 ｜ 完整/丢弃/预热 6/0/8 ｜ 时间异常 测距0 零位0 ｜ 旋转忽略 6
2026-09-11 10:08:11,175 等待停车后完整零位圈
TRIG 收/有效/锚点 16/16/15 ｜ 距有效TRIG 0.0s ｜ 周期 1.507s
本圈 0 点 ｜ 完整/丢弃/预热 6/0/8 ｜ 时间异常 测距0 零位0 ｜ 旋转忽略 6
2026-09-11 10:08:11,447 等待停车后完整零位圈
TRIG 收/有效/锚点 16/16/16 ｜ 距有效TRIG 0.3s ｜ 周期 1.507s
本圈 0 点 ｜ 完整/丢弃/预热 6/0/9 ｜ 时间异常 测距0 零位0 ｜ 旋转忽略 6
2026-09-11 10:08:12,110 测距端(COM8)忽略校时 token 不匹配：SYNC e94e58be0aa8- 2550451739 2550456635（累计 10 条）
2026-09-11 10:08:12,176 等待停车后完整零位圈
TRIG 收/有效/锚点 16/16/16 ｜ 距有效TRIG 1.0s ｜ 周期 1.507s
本圈 0 点 ｜ 完整/丢弃/预热 6/0/9 ｜ 时间异常 测距0 零位0 ｜ 旋转忽略 6
2026-09-11 10:08:12,694 等待停车后完整零位圈
TRIG 收/有效/锚点 17/17/16 ｜ 距有效TRIG 0.0s ｜ 周期 1.507s
本圈 0 点 ｜ 完整/丢弃/预热 6/0/9 ｜ 时间异常 测距0 零位0 ｜ 旋转忽略 6
2026-09-11 10:08:12,788 等待停车后完整零位圈
TRIG 收/有效/锚点 17/17/16 ｜ 距有效TRIG 0.1s ｜ 周期 1.507s
本圈 0 点 ｜ 完整/丢弃/预热 6/0/9 ｜ 时间异常 测距0 零位0 ｜ 旋转忽略 7
2026-09-11 10:08:12,951 等待停车后完整零位圈
TRIG 收/有效/锚点 17/17/17 ｜ 距有效TRIG 0.3s ｜ 周期 1.501s
本圈 0 点 ｜ 完整/丢弃/预热 6/0/10 ｜ 时间异常 测距0 零位0 ｜ 旋转忽略 7
2026-09-11 10:08:13,679 等待停车后完整零位圈
TRIG 收/有效/锚点 17/17/17 ｜ 距有效TRIG 1.0s ｜ 周期 1.501s
本圈 0 点 ｜ 完整/丢弃/预热 6/0/10 ｜ 时间异常 测距0 零位0 ｜ 旋转忽略 7
2026-09-11 10:08:14,198 等待停车后完整零位圈
TRIG 收/有效/锚点 18/18/17 ｜ 距有效TRIG 0.0s ｜ 周期 1.501s
本圈 0 点 ｜ 完整/丢弃/预热 6/0/10 ｜ 时间异常 测距0 零位0 ｜ 旋转忽略 7
2026-09-11 10:08:14,471 等待停车后完整零位圈
TRIG 收/有效/锚点 18/18/18 ｜ 距有效TRIG 0.3s ｜ 周期 1.517s
本圈 0 点 ｜ 完整/丢弃/预热 6/0/11 ｜ 时间异常 测距0 零位0 ｜ 旋转忽略 7
2026-09-11 10:08:15,194 等待停车后完整零位圈
TRIG 收/有效/锚点 18/18/18 ｜ 距有效TRIG 1.0s ｜ 周期 1.517s
本圈 0 点 ｜ 完整/丢弃/预热 6/0/11 ｜ 时间异常 测距0 零位0 ｜ 旋转忽略 7
2026-09-11 10:08:15,718 等待停车后完整零位圈
TRIG 收/有效/锚点 19/19/18 ｜ 距有效TRIG 0.0s ｜ 周期 1.517s
本圈 0 点 ｜ 完整/丢弃/预热 6/0/11 ｜ 时间异常 测距0 零位0 ｜ 旋转忽略 7
2026-09-11 10:08:15,983 等待停车后完整零位圈
TRIG 收/有效/锚点 19/19/19 ｜ 距有效TRIG 0.3s ｜ 周期 1.508s
本圈 0 点 ｜ 完整/丢弃/预热 6/0/12 ｜ 时间异常 测距0 零位0 ｜ 旋转忽略 7
2026-09-11 10:08:16,711 等待停车后完整零位圈
TRIG 收/有效/锚点 19/19/19 ｜ 距有效TRIG 1.0s ｜ 周期 1.508s
本圈 0 点 ｜ 完整/丢弃/预热 6/0/12 ｜ 时间异常 测距0 零位0 ｜ 旋转忽略 7
2026-09-11 10:08:17,221 等待停车后完整零位圈
TRIG 收/有效/锚点 20/20/19 ｜ 距有效TRIG 0.0s ｜ 周期 1.508s
本圈 0 点 ｜ 完整/丢弃/预热 6/0/12 ｜ 时间异常 测距0 零位0 ｜ 旋转忽略 7
2026-09-11 10:08:17,487 等待停车后完整零位圈
TRIG 收/有效/锚点 20/20/20 ｜ 距有效TRIG 0.3s ｜ 周期 1.513s
本圈 0 点 ｜ 完整/丢弃/预热 6/0/13 ｜ 时间异常 测距0 零位0 ｜ 旋转忽略 7
2026-09-11 10:08:17,782 旋转端(COM9)忽略无关或重复状态回应：PONG（累计 8 条）
2026-09-11 10:08:17,798 等待停车后完整零位圈
TRIG 收/有效/锚点 20/20/20 ｜ 距有效TRIG 0.6s ｜ 周期 1.513s
本圈 0 点 ｜ 完整/丢弃/预热 6/0/13 ｜ 时间异常 测距0 零位0 ｜ 旋转忽略 8
2026-09-11 10:08:18,215 等待停车后完整零位圈
TRIG 收/有效/锚点 20/20/20 ｜ 距有效TRIG 1.0s ｜ 周期 1.513s
本圈 0 点 ｜ 完整/丢弃/预热 6/0/13 ｜ 时间异常 测距0 零位0 ｜ 旋转忽略 8
2026-09-11 10:08:18,732 等待停车后完整零位圈
TRIG 收/有效/锚点 21/21/20 ｜ 距有效TRIG 0.0s ｜ 周期 1.513s
本圈 0 点 ｜ 完整/丢弃/预热 6/0/13 ｜ 时间异常 测距0 零位0 ｜ 旋转忽略 8
2026-09-11 10:08:19,000 等待停车后完整零位圈
TRIG 收/有效/锚点 21/21/21 ｜ 距有效TRIG 0.3s ｜ 周期 1.507s
本圈 0 点 ｜ 完整/丢弃/预热 6/0/14 ｜ 时间异常 测距0 零位0 ｜ 旋转忽略 8
2026-09-11 10:08:19,728 等待停车后完整零位圈
TRIG 收/有效/锚点 21/21/21 ｜ 距有效TRIG 1.0s ｜ 周期 1.507s
本圈 0 点 ｜ 完整/丢弃/预热 6/0/14 ｜ 时间异常 测距0 零位0 ｜ 旋转忽略 8
2026-09-11 10:08:20,246 等待停车后完整零位圈
TRIG 收/有效/锚点 22/22/21 ｜ 距有效TRIG 0.0s ｜ 周期 1.507s
本圈 0 点 ｜ 完整/丢弃/预热 6/0/14 ｜ 时间异常 测距0 零位0 ｜ 旋转忽略 8
2026-09-11 10:08:20,522 等待停车后完整零位圈
TRIG 收/有效/锚点 22/22/22 ｜ 距有效TRIG 0.3s ｜ 周期 1.518s
本圈 0 点 ｜ 完整/丢弃/预热 6/0/15 ｜ 时间异常 测距0 零位0 ｜ 旋转忽略 8
2026-09-11 10:08:21,243 等待停车后完整零位圈
TRIG 收/有效/锚点 22/22/22 ｜ 距有效TRIG 1.0s ｜ 周期 1.518s
本圈 0 点 ｜ 完整/丢弃/预热 6/0/15 ｜ 时间异常 测距0 零位0 ｜ 旋转忽略 8
2026-09-11 10:08:21,735 等待停车后完整零位圈
TRIG 收/有效/锚点 23/23/22 ｜ 距有效TRIG 0.0s ｜ 周期 1.518s
本圈 0 点 ｜ 完整/丢弃/预热 6/0/15 ｜ 时间异常 测距0 零位0 ｜ 旋转忽略 8
2026-09-11 10:08:22,033 等待停车后完整零位圈
TRIG 收/有效/锚点 23/23/23 ｜ 距有效TRIG 0.3s ｜ 周期 1.504s
本圈 0 点 ｜ 完整/丢弃/预热 6/0/16 ｜ 时间异常 测距0 零位0 ｜ 旋转忽略 8
2026-09-11 10:08:22,758 等待停车后完整零位圈
TRIG 收/有效/锚点 23/23/23 ｜ 距有效TRIG 1.0s ｜ 周期 1.504s
本圈 0 点 ｜ 完整/丢弃/预热 6/0/16 ｜ 时间异常 测距0 零位0 ｜ 旋转忽略 8
2026-09-11 10:08:22,793 测距端(COM8)忽略无关或重复状态回应：PONG（累计 13 条）
2026-09-11 10:08:22,839 等待停车后完整零位圈
TRIG 收/有效/锚点 23/23/23 ｜ 距有效TRIG 1.1s ｜ 周期 1.504s
本圈 0 点 ｜ 完整/丢弃/预热 6/0/16 ｜ 时间异常 测距0 零位0 ｜ 旋转忽略 9
2026-09-11 10:08:23,280 等待停车后完整零位圈
TRIG 收/有效/锚点 24/24/23 ｜ 距有效TRIG 0.0s ｜ 周期 1.504s
本圈 0 点 ｜ 完整/丢弃/预热 6/0/16 ｜ 时间异常 测距0 零位0 ｜ 旋转忽略 9
2026-09-11 10:08:23,546 等待停车后完整零位圈
TRIG 收/有效/锚点 24/24/24 ｜ 距有效TRIG 0.3s ｜ 周期 1.524s
本圈 0 点 ｜ 完整/丢弃/预热 6/0/17 ｜ 时间异常 测距0 零位0 ｜ 旋转忽略 9
2026-09-11 10:08:24,273 等待停车后完整零位圈
TRIG 收/有效/锚点 24/24/24 ｜ 距有效TRIG 1.0s ｜ 周期 1.524s
本圈 0 点 ｜ 完整/丢弃/预热 6/0/17 ｜ 时间异常 测距0 零位0 ｜ 旋转忽略 9
2026-09-11 10:08:24,783 等待停车后完整零位圈
TRIG 收/有效/锚点 25/25/24 ｜ 距有效TRIG 0.0s ｜ 周期 1.524s
本圈 0 点 ｜ 完整/丢弃/预热 6/0/17 ｜ 时间异常 测距0 零位0 ｜ 旋转忽略 9
2026-09-11 10:08:25,051 等待停车后完整零位圈
TRIG 收/有效/锚点 25/25/25 ｜ 距有效TRIG 0.3s ｜ 周期 1.509s
本圈 0 点 ｜ 完整/丢弃/预热 6/0/18 ｜ 时间异常 测距0 零位0 ｜ 旋转忽略 9
2026-09-11 10:08:25,779 等待停车后完整零位圈
TRIG 收/有效/锚点 25/25/25 ｜ 距有效TRIG 1.0s ｜ 周期 1.509s
本圈 0 点 ｜ 完整/丢弃/预热 6/0/18 ｜ 时间异常 测距0 零位0 ｜ 旋转忽略 9
2026-09-11 10:08:26,298 等待停车后完整零位圈
TRIG 收/有效/锚点 26/26/25 ｜ 距有效TRIG 0.0s ｜ 周期 1.509s
本圈 0 点 ｜ 完整/丢弃/预热 6/0/18 ｜ 时间异常 测距0 零位0 ｜ 旋转忽略 9
2026-09-11 10:08:26,298 测距端(COM8)忽略格式错误：2IX e94e58be0aa8 3848 2564637076 2564642058 851（累计 14 条）
2026-09-11 10:08:26,580 等待停车后完整零位圈
TRIG 收/有效/锚点 26/26/26 ｜ 距有效TRIG 0.3s ｜ 周期 1.517s
本圈 0 点 ｜ 完整/丢弃/预热 6/0/19 ｜ 时间异常 测距0 零位0 ｜ 旋转忽略 9
2026-09-11 10:08:27,295 等待停车后完整零位圈
TRIG 收/有效/锚点 26/26/26 ｜ 距有效TRIG 1.0s ｜ 周期 1.517s
本圈 0 点 ｜ 完整/丢弃/预热 6/0/19 ｜ 时间异常 测距0 零位0 ｜ 旋转忽略 9
2026-09-11 10:08:27,485 底盘状态：stopping_idle，停止请求已登记，等待底盘状态确认
2026-09-11 10:08:27,485 底盘  IDLE_PREFLIGHT=0
2026-09-11 10:08:27,528 测距端(COM8)已收到停止确认
2026-09-11 10:08:27,672 旋转端(COM9)已收到停止确认
2026-09-11 10:08:27,760 底盘  停止清理行返回预期 BAD_CMD
2026-09-11 10:08:28,150 底盘状态：idle，底盘返回 IDLE，停止状态已确认
2026-09-11 10:08:28,152 底盘状态回复 IDLE
